Token(type=STATE, lexeme=state, literal=null, line=1)
Token(type=IDENTIFIER, lexeme=START, literal=null, line=1)
Token(type=LEFT_BRACE, lexeme={, literal=null, line=1)
Token(type=INPUT, lexeme=input, literal=null, line=2)
Token(type=LEFT_PAREN, lexeme=(, literal=null, line=2)
Token(type=RIGHT_PAREN, lexeme=), literal=null, line=2)
Token(type=SEMICOLON, lexeme=;, literal=null, line=2)
Token(type=GOTO, lexeme=goto, literal=null, line=3)
Token(type=IDENTIFIER, lexeme=MENU, literal=null, line=3)
Token(type=SEMICOLON, lexeme=;, literal=null, line=3)
Token(type=RIGHT_BRACE, lexeme=}, literal=null, line=4)
Token(type=STATE, lexeme=state, literal=null, line=6)
Token(type=IDENTIFIER, lexeme=MENU, literal=null, line=6)
Token(type=LEFT_BRACE, lexeme={, literal=null, line=6)
Token(type=REQUIRES, lexeme=requires, literal=null, line=7)
Token(type=TRUE, lexeme=true, literal=null, line=7)
Token(type=SEMICOLON, lexeme=;, literal=null, line=7)
Token(type=GOTO, lexeme=goto, literal=null, line=8)
Token(type=IDENTIFIER, lexeme=START, literal=null, line=8)
Token(type=SEMICOLON, lexeme=;, literal=null, line=8)
Token(type=RIGHT_BRACE, lexeme=}, literal=null, line=9)
Token(type=EOF, lexeme=, literal=null, line=9)